// Jest Snapshot v1, https://goo.gl/fbAQLP

exports[`BookList should render correctly 1`] = `
<div
  className="container"
>
  <h1
    className="pageHeader"
  >
    Books
  </h1>
  <hr
    className="separator"
  />
  <div
    className="list"
  >
    <BookCard
      author="John Doe"
      description="Nulla sunt sunt pariatur officia et esse fugiat proident est. Ad laboris ullamco adipisicing nisi in ex. Magna voluptate culpa velit exercitation nisi ipsum est do."
      id="c1dc42ab-548f-4f96-8350-2f56303d7532"
      key="c1dc42ab-548f-4f96-8350-2f56303d7532"
      price={10}
      stockAmount={0}
      thumbnail="https://images.unsplash.com/photo-1496484805162-42c00f79cdce?dpr=1&auto=format&fit=crop&w=568&h=379&q=60&cs=tinysrgb&ixid=dW5zcGxhc2guY29tOzs7Ozs%3D"
      title="A Life Changed"
    />
    <BookCard
      author="Jane Langton"
      description="Nulla sunt sunt pariatur officia et esse fugiat proident est. Ad laboris ullamco adipisicing nisi in ex. Magna voluptate culpa velit exercitation nisi ipsum est do."
      id="da435429-c698-4b5b-9865-808995d82e47"
      key="da435429-c698-4b5b-9865-808995d82e47"
      price={48}
      stockAmount={2}
      thumbnail="https://images.unsplash.com/photo-1453733190371-0a9bedd82893?dpr=1&auto=format&fit=crop&w=568&h=426&q=60&cs=tinysrgb&ixid=dW5zcGxhc2guY29tOzs7Ozs%3D"
      title="The Math Behind React"
    />
  </div>
</div>
`;
